Rho+ 2.0 29-4-97
 
Data read from file *                                                                          
    Freq (Hz) rho(ohm-m)  rhoerr    lg10rho lg10err phi(deg)  err   downweight
  1 2.157E-03   21.64       12.4      1.335  0.248   55.58   16.38  0.00  1.00
  2 8.881E-03   25.43       4.62      1.405  0.079   52.02    5.22  1.00  1.00
  3 3.360E-02   36.55       3.22      1.563  0.038   41.26    2.52  1.00  0.00
  4 0.134       21.74       2.76      1.337  0.055   25.80    3.64  1.00  1.00
  5 0.558       8.150      0.860      0.911  0.046   33.77    3.04  2.00  0.00
  6  2.17       9.140       1.32      0.961  0.063   57.78    4.16  1.00  1.00
  7  9.38       23.08       2.28      1.363  0.043   61.78    2.82  1.00  1.00
  8  37.6      -34.26       2.68      ------------   55.58    2.24  0.00  1.00
  9  165.       67.33       9.52      1.828  0.061   49.64    4.04  1.00  1.00

Report: Chisq: 0.8339    
 
            Table of misfits between data and model predictions
 
                ----- Apparent Resistivity ------   ---------- Phase ----------
    freq        data    predicted     %dR/R  norm   data  predicted   dP   norm
                                                                   (scaled)    
  1 2.157E-03     --      25.85          -     -    55.58   55.55    -0.1   0.0
  2 8.881E-03  25.43      25.44         0.0   0.0   52.02   52.05     0.1   0.0
  3 3.360E-02  36.55      36.51        -0.1   0.0    --     42.46     -      - 
  4 0.134      21.74      21.72        -0.1   0.0   25.80   25.58    -0.8   0.1
  5 0.558      8.150      8.525         4.6   0.2    --     33.89     -      - 
  6  2.17      9.140      9.388         2.7   0.2   57.78   58.71     3.3   0.2
  7  9.38      23.08      23.46         1.6   0.2   61.78   62.62     2.9   0.3
  8  37.6         --      32.35          -     -    55.58   56.66     3.8   0.5
  9  165.      67.33      62.42        -7.3   0.5   49.64   49.95     1.1   0.1

 - norm: missfit divided by data error (as modified by downweights)
 - %dR/R: (rho missfit)/rho in %
 - dP(scaled): (phase missfit) * 3.491 to give it same scale as %dR/R


Final Refinement: Chisq =  0.8336    

                              Poles
 1.15301E-02 0.19299     0.54777      7.9863      50.760      98.307    
  1669.5    

                              Zeros
      0.     4.02527E-02 0.41909      4.8675      10.426      55.779    
  241.11    


   a0 =          0.    
    n    lambda(n)          a(n)
    1     1.15301E-02      518.23    
    2     0.19299          2239.9    
    3     0.54777          1343.8    
    4      7.9863          722.68    
    5      50.760          4478.1    
    6      98.307          31729.    
    7      1669.5         3.79736E+05

     Units are kilometers and siemens
level  depth      conductance   separation   total conductance
  1        0.        1.8912            0.        1.8912    
  2   0.27780        19.547       0.27780        21.438    
  3   0.73751        120.08       0.45970        141.52    
  4    1.3023        37.329       0.56480        178.85    
  5    5.2807        35.683        3.9784        214.53    
  6    15.632        445.79        10.351        660.32    
  7    23.107        1162.3        7.4758        1822.7    
       59.734          --         36.627    
 Model terminates with a perfect conductor

Just acceptable chi-squared level:   23.685
Confidence level of this misfit:      0.950
             
                      Bounds on Phase (degrees)
             
              frequency   period       lower       upper
               33.33      3.0000E-02   48.77       66.46      
               10.00      0.1000       50.87       73.78      
               1.000       1.000       34.17       56.57      
              0.2000       5.000       18.41       37.30      
              3.3333E-02   30.00       26.99       56.38      
              1.0000E-02   100.0       32.21       72.53      
              2.5000E-03   400.0       11.51       85.38      
             
                Bounds on Apparent Resistivity (ohm-m)
             
              frequency   period       lower       upper
               33.33      3.0000E-02   18.87       71.01      
               10.00      0.1000       16.16       35.25      
               2.000      0.5000       6.007       16.34      
               1.000       1.000       5.006       14.56      
              3.3333E-02   30.00       24.73       52.11      
              1.0000E-02   100.0       14.30       56.70      
              2.5000E-03   400.0       5.261       82.62      
All requested rho+ computations finished
